--------------------------------------------------------------------------------
Release 14.7 Trace  (nt64)
Copyright (c) 1995-2013 Xilinx, Inc.  All rights reserved.

C:\Xilinx\14.7\ISE_DS\ISE\bin\nt64\unwrapped\trce.exe -intstyle ise -v 3 -s 3
-n 3 -fastpaths -xml Main.twx Main.ncd -o Main.twr Main.pcf -ucf Main.ucf

Design file:              Main.ncd
Physical constraint file: Main.pcf
Device,package,speed:     xc6slx9,tqg144,C,-3 (PRODUCTION 1.23 2013-10-13)
Report level:             verbose report

Environment Variable      Effect 
--------------------      ------ 
NONE                      No environment variables were set
--------------------------------------------------------------------------------

INFO:Timing:2698 - No timing constraints found, doing default enumeration.
INFO:Timing:3412 - To improve timing, see the Timing Closure User Guide (UG612).
INFO:Timing:2752 - To get complete path coverage, use the unconstrained paths 
   option. All paths that are not constrained will be reported in the 
   unconstrained paths section(s) of the report.
INFO:Timing:3339 - The clock-to-out numbers in this timing report are based on 
   a 50 Ohm transmission line loading model.  For the details of this model, 
   and for more information on accounting for different loading conditions, 
   please see the device datasheet.



Data Sheet report:
-----------------
All values displayed in nanoseconds (ns)

Clock a<0> to Pad
------------+-----------------+------------+-----------------+------------+---------------------------+--------+
            |Max (slowest) clk|  Process   |Min (fastest) clk|  Process   |                           | Clock  |
Destination |  (edge) to PAD  |   Corner   |  (edge) to PAD  |   Corner   |Internal Clock(s)          | Phase  |
------------+-----------------+------------+-----------------+------------+---------------------------+--------+
CP0         |        12.586(F)|      SLOW  |         6.458(F)|      FAST  |XLXI_162/a[7]_a[7]_MUX_55_o|   0.000|
CP1         |        12.916(F)|      SLOW  |         6.695(F)|      FAST  |XLXI_162/a[7]_a[7]_MUX_55_o|   0.000|
CP2         |        12.873(F)|      SLOW  |         6.571(F)|      FAST  |XLXI_162/a[7]_a[7]_MUX_55_o|   0.000|
CP3         |        12.986(F)|      SLOW  |         6.697(F)|      FAST  |XLXI_162/a[7]_a[7]_MUX_55_o|   0.000|
CP4         |        13.163(F)|      SLOW  |         6.853(F)|      FAST  |XLXI_162/a[7]_a[7]_MUX_55_o|   0.000|
CP5         |        12.996(F)|      SLOW  |         6.730(F)|      FAST  |XLXI_162/a[7]_a[7]_MUX_55_o|   0.000|
------------+-----------------+------------+-----------------+------------+---------------------------+--------+

Clock a<1> to Pad
------------+-----------------+------------+-----------------+------------+---------------------------+--------+
            |Max (slowest) clk|  Process   |Min (fastest) clk|  Process   |                           | Clock  |
Destination |  (edge) to PAD  |   Corner   |  (edge) to PAD  |   Corner   |Internal Clock(s)          | Phase  |
------------+-----------------+------------+-----------------+------------+---------------------------+--------+
CP0         |        12.274(F)|      SLOW  |         6.491(F)|      FAST  |XLXI_162/a[7]_a[7]_MUX_55_o|   0.000|
CP1         |        12.604(F)|      SLOW  |         6.728(F)|      FAST  |XLXI_162/a[7]_a[7]_MUX_55_o|   0.000|
CP2         |        12.561(F)|      SLOW  |         6.604(F)|      FAST  |XLXI_162/a[7]_a[7]_MUX_55_o|   0.000|
CP3         |        12.674(F)|      SLOW  |         6.730(F)|      FAST  |XLXI_162/a[7]_a[7]_MUX_55_o|   0.000|
CP4         |        12.851(F)|      SLOW  |         6.886(F)|      FAST  |XLXI_162/a[7]_a[7]_MUX_55_o|   0.000|
CP5         |        12.684(F)|      SLOW  |         6.763(F)|      FAST  |XLXI_162/a[7]_a[7]_MUX_55_o|   0.000|
------------+-----------------+------------+-----------------+------------+---------------------------+--------+

Clock a<2> to Pad
------------+-----------------+------------+-----------------+------------+---------------------------+--------+
            |Max (slowest) clk|  Process   |Min (fastest) clk|  Process   |                           | Clock  |
Destination |  (edge) to PAD  |   Corner   |  (edge) to PAD  |   Corner   |Internal Clock(s)          | Phase  |
------------+-----------------+------------+-----------------+------------+---------------------------+--------+
CP0         |        12.399(F)|      SLOW  |         6.438(F)|      FAST  |XLXI_162/a[7]_a[7]_MUX_55_o|   0.000|
CP1         |        12.729(F)|      SLOW  |         6.675(F)|      FAST  |XLXI_162/a[7]_a[7]_MUX_55_o|   0.000|
CP2         |        12.686(F)|      SLOW  |         6.551(F)|      FAST  |XLXI_162/a[7]_a[7]_MUX_55_o|   0.000|
CP3         |        12.799(F)|      SLOW  |         6.677(F)|      FAST  |XLXI_162/a[7]_a[7]_MUX_55_o|   0.000|
CP4         |        12.976(F)|      SLOW  |         6.833(F)|      FAST  |XLXI_162/a[7]_a[7]_MUX_55_o|   0.000|
CP5         |        12.809(F)|      SLOW  |         6.710(F)|      FAST  |XLXI_162/a[7]_a[7]_MUX_55_o|   0.000|
------------+-----------------+------------+-----------------+------------+---------------------------+--------+

Clock a<3> to Pad
------------+-----------------+------------+-----------------+------------+---------------------------+--------+
            |Max (slowest) clk|  Process   |Min (fastest) clk|  Process   |                           | Clock  |
Destination |  (edge) to PAD  |   Corner   |  (edge) to PAD  |   Corner   |Internal Clock(s)          | Phase  |
------------+-----------------+------------+-----------------+------------+---------------------------+--------+
CP0         |        11.826(F)|      SLOW  |         6.004(F)|      FAST  |XLXI_162/a[7]_a[7]_MUX_55_o|   0.000|
CP1         |        12.156(F)|      SLOW  |         6.241(F)|      FAST  |XLXI_162/a[7]_a[7]_MUX_55_o|   0.000|
CP2         |        12.113(F)|      SLOW  |         6.117(F)|      FAST  |XLXI_162/a[7]_a[7]_MUX_55_o|   0.000|
CP3         |        12.226(F)|      SLOW  |         6.243(F)|      FAST  |XLXI_162/a[7]_a[7]_MUX_55_o|   0.000|
CP4         |        12.403(F)|      SLOW  |         6.399(F)|      FAST  |XLXI_162/a[7]_a[7]_MUX_55_o|   0.000|
CP5         |        12.236(F)|      SLOW  |         6.276(F)|      FAST  |XLXI_162/a[7]_a[7]_MUX_55_o|   0.000|
------------+-----------------+------------+-----------------+------------+---------------------------+--------+

Clock a<4> to Pad
------------+-----------------+------------+-----------------+------------+---------------------------+--------+
            |Max (slowest) clk|  Process   |Min (fastest) clk|  Process   |                           | Clock  |
Destination |  (edge) to PAD  |   Corner   |  (edge) to PAD  |   Corner   |Internal Clock(s)          | Phase  |
------------+-----------------+------------+-----------------+------------+---------------------------+--------+
CP0         |        11.342(F)|      SLOW  |         5.616(F)|      FAST  |XLXI_162/a[7]_a[7]_MUX_55_o|   0.000|
CP1         |        11.672(F)|      SLOW  |         5.853(F)|      FAST  |XLXI_162/a[7]_a[7]_MUX_55_o|   0.000|
CP2         |        11.629(F)|      SLOW  |         5.729(F)|      FAST  |XLXI_162/a[7]_a[7]_MUX_55_o|   0.000|
CP3         |        11.742(F)|      SLOW  |         5.855(F)|      FAST  |XLXI_162/a[7]_a[7]_MUX_55_o|   0.000|
CP4         |        11.919(F)|      SLOW  |         6.011(F)|      FAST  |XLXI_162/a[7]_a[7]_MUX_55_o|   0.000|
CP5         |        11.752(F)|      SLOW  |         5.888(F)|      FAST  |XLXI_162/a[7]_a[7]_MUX_55_o|   0.000|
------------+-----------------+------------+-----------------+------------+---------------------------+--------+

Clock a<5> to Pad
------------+-----------------+------------+-----------------+------------+---------------------------+--------+
            |Max (slowest) clk|  Process   |Min (fastest) clk|  Process   |                           | Clock  |
Destination |  (edge) to PAD  |   Corner   |  (edge) to PAD  |   Corner   |Internal Clock(s)          | Phase  |
------------+-----------------+------------+-----------------+------------+---------------------------+--------+
CP0         |        10.919(F)|      SLOW  |         5.556(F)|      FAST  |XLXI_162/a[7]_a[7]_MUX_55_o|   0.000|
CP1         |        11.249(F)|      SLOW  |         5.793(F)|      FAST  |XLXI_162/a[7]_a[7]_MUX_55_o|   0.000|
CP2         |        11.206(F)|      SLOW  |         5.669(F)|      FAST  |XLXI_162/a[7]_a[7]_MUX_55_o|   0.000|
CP3         |        11.319(F)|      SLOW  |         5.795(F)|      FAST  |XLXI_162/a[7]_a[7]_MUX_55_o|   0.000|
CP4         |        11.496(F)|      SLOW  |         5.951(F)|      FAST  |XLXI_162/a[7]_a[7]_MUX_55_o|   0.000|
CP5         |        11.329(F)|      SLOW  |         5.828(F)|      FAST  |XLXI_162/a[7]_a[7]_MUX_55_o|   0.000|
------------+-----------------+------------+-----------------+------------+---------------------------+--------+

Clock a<6> to Pad
------------+-----------------+------------+-----------------+------------+---------------------------+--------+
            |Max (slowest) clk|  Process   |Min (fastest) clk|  Process   |                           | Clock  |
Destination |  (edge) to PAD  |   Corner   |  (edge) to PAD  |   Corner   |Internal Clock(s)          | Phase  |
------------+-----------------+------------+-----------------+------------+---------------------------+--------+
CP0         |        11.330(F)|      SLOW  |         5.462(F)|      FAST  |XLXI_162/a[7]_a[7]_MUX_55_o|   0.000|
CP1         |        11.660(F)|      SLOW  |         5.699(F)|      FAST  |XLXI_162/a[7]_a[7]_MUX_55_o|   0.000|
CP2         |        11.617(F)|      SLOW  |         5.575(F)|      FAST  |XLXI_162/a[7]_a[7]_MUX_55_o|   0.000|
CP3         |        11.730(F)|      SLOW  |         5.701(F)|      FAST  |XLXI_162/a[7]_a[7]_MUX_55_o|   0.000|
CP4         |        11.907(F)|      SLOW  |         5.857(F)|      FAST  |XLXI_162/a[7]_a[7]_MUX_55_o|   0.000|
CP5         |        11.740(F)|      SLOW  |         5.734(F)|      FAST  |XLXI_162/a[7]_a[7]_MUX_55_o|   0.000|
------------+-----------------+------------+-----------------+------------+---------------------------+--------+

Clock a<7> to Pad
------------+-----------------+------------+-----------------+------------+---------------------------+--------+
            |Max (slowest) clk|  Process   |Min (fastest) clk|  Process   |                           | Clock  |
Destination |  (edge) to PAD  |   Corner   |  (edge) to PAD  |   Corner   |Internal Clock(s)          | Phase  |
------------+-----------------+------------+-----------------+------------+---------------------------+--------+
CP0         |        11.212(F)|      SLOW  |         5.508(F)|      FAST  |XLXI_162/a[7]_a[7]_MUX_55_o|   0.000|
CP1         |        11.542(F)|      SLOW  |         5.745(F)|      FAST  |XLXI_162/a[7]_a[7]_MUX_55_o|   0.000|
CP2         |        11.499(F)|      SLOW  |         5.621(F)|      FAST  |XLXI_162/a[7]_a[7]_MUX_55_o|   0.000|
CP3         |        11.612(F)|      SLOW  |         5.747(F)|      FAST  |XLXI_162/a[7]_a[7]_MUX_55_o|   0.000|
CP4         |        11.789(F)|      SLOW  |         5.903(F)|      FAST  |XLXI_162/a[7]_a[7]_MUX_55_o|   0.000|
CP5         |        11.622(F)|      SLOW  |         5.780(F)|      FAST  |XLXI_162/a[7]_a[7]_MUX_55_o|   0.000|
------------+-----------------+------------+-----------------+------------+---------------------------+--------+

Clock b<0> to Pad
------------+-----------------+------------+-----------------+------------+---------------------------+--------+
            |Max (slowest) clk|  Process   |Min (fastest) clk|  Process   |                           | Clock  |
Destination |  (edge) to PAD  |   Corner   |  (edge) to PAD  |   Corner   |Internal Clock(s)          | Phase  |
------------+-----------------+------------+-----------------+------------+---------------------------+--------+
CP0         |        11.636(F)|      SLOW  |         5.981(F)|      FAST  |XLXI_162/a[7]_a[7]_MUX_55_o|   0.000|
CP1         |        11.966(F)|      SLOW  |         6.218(F)|      FAST  |XLXI_162/a[7]_a[7]_MUX_55_o|   0.000|
CP2         |        11.923(F)|      SLOW  |         6.094(F)|      FAST  |XLXI_162/a[7]_a[7]_MUX_55_o|   0.000|
CP3         |        12.036(F)|      SLOW  |         6.220(F)|      FAST  |XLXI_162/a[7]_a[7]_MUX_55_o|   0.000|
CP4         |        12.213(F)|      SLOW  |         6.376(F)|      FAST  |XLXI_162/a[7]_a[7]_MUX_55_o|   0.000|
CP5         |        12.046(F)|      SLOW  |         6.253(F)|      FAST  |XLXI_162/a[7]_a[7]_MUX_55_o|   0.000|
------------+-----------------+------------+-----------------+------------+---------------------------+--------+

Clock b<1> to Pad
------------+-----------------+------------+-----------------+------------+---------------------------+--------+
            |Max (slowest) clk|  Process   |Min (fastest) clk|  Process   |                           | Clock  |
Destination |  (edge) to PAD  |   Corner   |  (edge) to PAD  |   Corner   |Internal Clock(s)          | Phase  |
------------+-----------------+------------+-----------------+------------+---------------------------+--------+
CP0         |        11.430(F)|      SLOW  |         5.885(F)|      FAST  |XLXI_162/a[7]_a[7]_MUX_55_o|   0.000|
CP1         |        11.760(F)|      SLOW  |         6.122(F)|      FAST  |XLXI_162/a[7]_a[7]_MUX_55_o|   0.000|
CP2         |        11.717(F)|      SLOW  |         5.998(F)|      FAST  |XLXI_162/a[7]_a[7]_MUX_55_o|   0.000|
CP3         |        11.830(F)|      SLOW  |         6.124(F)|      FAST  |XLXI_162/a[7]_a[7]_MUX_55_o|   0.000|
CP4         |        12.007(F)|      SLOW  |         6.280(F)|      FAST  |XLXI_162/a[7]_a[7]_MUX_55_o|   0.000|
CP5         |        11.840(F)|      SLOW  |         6.157(F)|      FAST  |XLXI_162/a[7]_a[7]_MUX_55_o|   0.000|
------------+-----------------+------------+-----------------+------------+---------------------------+--------+

Clock b<2> to Pad
------------+-----------------+------------+-----------------+------------+---------------------------+--------+
            |Max (slowest) clk|  Process   |Min (fastest) clk|  Process   |                           | Clock  |
Destination |  (edge) to PAD  |   Corner   |  (edge) to PAD  |   Corner   |Internal Clock(s)          | Phase  |
------------+-----------------+------------+-----------------+------------+---------------------------+--------+
CP0         |        12.042(F)|      SLOW  |         6.000(F)|      FAST  |XLXI_162/a[7]_a[7]_MUX_55_o|   0.000|
CP1         |        12.372(F)|      SLOW  |         6.237(F)|      FAST  |XLXI_162/a[7]_a[7]_MUX_55_o|   0.000|
CP2         |        12.329(F)|      SLOW  |         6.113(F)|      FAST  |XLXI_162/a[7]_a[7]_MUX_55_o|   0.000|
CP3         |        12.442(F)|      SLOW  |         6.239(F)|      FAST  |XLXI_162/a[7]_a[7]_MUX_55_o|   0.000|
CP4         |        12.619(F)|      SLOW  |         6.395(F)|      FAST  |XLXI_162/a[7]_a[7]_MUX_55_o|   0.000|
CP5         |        12.452(F)|      SLOW  |         6.272(F)|      FAST  |XLXI_162/a[7]_a[7]_MUX_55_o|   0.000|
------------+-----------------+------------+-----------------+------------+---------------------------+--------+

Clock b<3> to Pad
------------+-----------------+------------+-----------------+------------+---------------------------+--------+
            |Max (slowest) clk|  Process   |Min (fastest) clk|  Process   |                           | Clock  |
Destination |  (edge) to PAD  |   Corner   |  (edge) to PAD  |   Corner   |Internal Clock(s)          | Phase  |
------------+-----------------+------------+-----------------+------------+---------------------------+--------+
CP0         |        11.530(F)|      SLOW  |         5.479(F)|      FAST  |XLXI_162/a[7]_a[7]_MUX_55_o|   0.000|
CP1         |        11.860(F)|      SLOW  |         5.716(F)|      FAST  |XLXI_162/a[7]_a[7]_MUX_55_o|   0.000|
CP2         |        11.817(F)|      SLOW  |         5.592(F)|      FAST  |XLXI_162/a[7]_a[7]_MUX_55_o|   0.000|
CP3         |        11.930(F)|      SLOW  |         5.718(F)|      FAST  |XLXI_162/a[7]_a[7]_MUX_55_o|   0.000|
CP4         |        12.107(F)|      SLOW  |         5.874(F)|      FAST  |XLXI_162/a[7]_a[7]_MUX_55_o|   0.000|
CP5         |        11.940(F)|      SLOW  |         5.751(F)|      FAST  |XLXI_162/a[7]_a[7]_MUX_55_o|   0.000|
------------+-----------------+------------+-----------------+------------+---------------------------+--------+

Clock b<4> to Pad
------------+-----------------+------------+-----------------+------------+---------------------------+--------+
            |Max (slowest) clk|  Process   |Min (fastest) clk|  Process   |                           | Clock  |
Destination |  (edge) to PAD  |   Corner   |  (edge) to PAD  |   Corner   |Internal Clock(s)          | Phase  |
------------+-----------------+------------+-----------------+------------+---------------------------+--------+
CP0         |        12.051(F)|      SLOW  |         5.217(F)|      FAST  |XLXI_162/a[7]_a[7]_MUX_55_o|   0.000|
CP1         |        12.381(F)|      SLOW  |         5.454(F)|      FAST  |XLXI_162/a[7]_a[7]_MUX_55_o|   0.000|
CP2         |        12.338(F)|      SLOW  |         5.330(F)|      FAST  |XLXI_162/a[7]_a[7]_MUX_55_o|   0.000|
CP3         |        12.451(F)|      SLOW  |         5.456(F)|      FAST  |XLXI_162/a[7]_a[7]_MUX_55_o|   0.000|
CP4         |        12.628(F)|      SLOW  |         5.612(F)|      FAST  |XLXI_162/a[7]_a[7]_MUX_55_o|   0.000|
CP5         |        12.461(F)|      SLOW  |         5.489(F)|      FAST  |XLXI_162/a[7]_a[7]_MUX_55_o|   0.000|
------------+-----------------+------------+-----------------+------------+---------------------------+--------+

Clock b<5> to Pad
------------+-----------------+------------+-----------------+------------+---------------------------+--------+
            |Max (slowest) clk|  Process   |Min (fastest) clk|  Process   |                           | Clock  |
Destination |  (edge) to PAD  |   Corner   |  (edge) to PAD  |   Corner   |Internal Clock(s)          | Phase  |
------------+-----------------+------------+-----------------+------------+---------------------------+--------+
CP0         |        11.348(F)|      SLOW  |         5.328(F)|      FAST  |XLXI_162/a[7]_a[7]_MUX_55_o|   0.000|
CP1         |        11.678(F)|      SLOW  |         5.565(F)|      FAST  |XLXI_162/a[7]_a[7]_MUX_55_o|   0.000|
CP2         |        11.635(F)|      SLOW  |         5.441(F)|      FAST  |XLXI_162/a[7]_a[7]_MUX_55_o|   0.000|
CP3         |        11.748(F)|      SLOW  |         5.567(F)|      FAST  |XLXI_162/a[7]_a[7]_MUX_55_o|   0.000|
CP4         |        11.925(F)|      SLOW  |         5.723(F)|      FAST  |XLXI_162/a[7]_a[7]_MUX_55_o|   0.000|
CP5         |        11.758(F)|      SLOW  |         5.600(F)|      FAST  |XLXI_162/a[7]_a[7]_MUX_55_o|   0.000|
------------+-----------------+------------+-----------------+------------+---------------------------+--------+

Clock b<6> to Pad
------------+-----------------+------------+-----------------+------------+---------------------------+--------+
            |Max (slowest) clk|  Process   |Min (fastest) clk|  Process   |                           | Clock  |
Destination |  (edge) to PAD  |   Corner   |  (edge) to PAD  |   Corner   |Internal Clock(s)          | Phase  |
------------+-----------------+------------+-----------------+------------+---------------------------+--------+
CP0         |        12.519(F)|      SLOW  |         5.273(F)|      FAST  |XLXI_162/a[7]_a[7]_MUX_55_o|   0.000|
CP1         |        12.849(F)|      SLOW  |         5.510(F)|      FAST  |XLXI_162/a[7]_a[7]_MUX_55_o|   0.000|
CP2         |        12.806(F)|      SLOW  |         5.386(F)|      FAST  |XLXI_162/a[7]_a[7]_MUX_55_o|   0.000|
CP3         |        12.919(F)|      SLOW  |         5.512(F)|      FAST  |XLXI_162/a[7]_a[7]_MUX_55_o|   0.000|
CP4         |        13.096(F)|      SLOW  |         5.668(F)|      FAST  |XLXI_162/a[7]_a[7]_MUX_55_o|   0.000|
CP5         |        12.929(F)|      SLOW  |         5.545(F)|      FAST  |XLXI_162/a[7]_a[7]_MUX_55_o|   0.000|
------------+-----------------+------------+-----------------+------------+---------------------------+--------+

Clock b<7> to Pad
------------+-----------------+------------+-----------------+------------+---------------------------+--------+
            |Max (slowest) clk|  Process   |Min (fastest) clk|  Process   |                           | Clock  |
Destination |  (edge) to PAD  |   Corner   |  (edge) to PAD  |   Corner   |Internal Clock(s)          | Phase  |
------------+-----------------+------------+-----------------+------------+---------------------------+--------+
CP0         |        12.356(F)|      SLOW  |         5.406(F)|      FAST  |XLXI_162/a[7]_a[7]_MUX_55_o|   0.000|
CP1         |        12.686(F)|      SLOW  |         5.643(F)|      FAST  |XLXI_162/a[7]_a[7]_MUX_55_o|   0.000|
CP2         |        12.643(F)|      SLOW  |         5.519(F)|      FAST  |XLXI_162/a[7]_a[7]_MUX_55_o|   0.000|
CP3         |        12.756(F)|      SLOW  |         5.645(F)|      FAST  |XLXI_162/a[7]_a[7]_MUX_55_o|   0.000|
CP4         |        12.933(F)|      SLOW  |         5.801(F)|      FAST  |XLXI_162/a[7]_a[7]_MUX_55_o|   0.000|
CP5         |        12.766(F)|      SLOW  |         5.678(F)|      FAST  |XLXI_162/a[7]_a[7]_MUX_55_o|   0.000|
------------+-----------------+------------+-----------------+------------+---------------------------+--------+

Clock to Setup on destination clock P123
---------------+---------+---------+---------+---------+
               | Src:Rise| Src:Fall| Src:Rise| Src:Fall|
Source Clock   |Dest:Rise|Dest:Rise|Dest:Fall|Dest:Fall|
---------------+---------+---------+---------+---------+
P123           |         |         |         |    0.873|
---------------+---------+---------+---------+---------+

Clock to Setup on destination clock a<0>
---------------+---------+---------+---------+---------+
               | Src:Rise| Src:Fall| Src:Rise| Src:Fall|
Source Clock   |Dest:Rise|Dest:Rise|Dest:Fall|Dest:Fall|
---------------+---------+---------+---------+---------+
a<0>           |         |         |    1.771|    1.771|
a<1>           |         |         |    1.587|    1.587|
a<2>           |         |         |    1.730|    1.730|
a<3>           |         |         |    0.786|    0.979|
a<4>           |         |         |    0.459|    0.979|
a<5>           |         |         |   -0.193|    0.979|
a<6>           |         |         |    0.116|    0.979|
a<7>           |         |         |   -0.009|    0.979|
b<0>           |         |         |    0.366|    0.979|
b<1>           |         |         |    0.404|    0.979|
b<2>           |         |         |    0.772|    0.979|
b<3>           |         |         |    0.490|    0.979|
b<4>           |         |         |    1.011|    1.011|
b<5>           |         |         |    0.239|    0.979|
b<6>           |         |         |    1.254|    1.254|
b<7>           |         |         |    1.091|    1.091|
---------------+---------+---------+---------+---------+

Clock to Setup on destination clock a<1>
---------------+---------+---------+---------+---------+
               | Src:Rise| Src:Fall| Src:Rise| Src:Fall|
Source Clock   |Dest:Rise|Dest:Rise|Dest:Fall|Dest:Fall|
---------------+---------+---------+---------+---------+
a<0>           |         |         |    1.741|    1.741|
a<1>           |         |         |    1.557|    1.557|
a<2>           |         |         |    1.700|    1.700|
a<3>           |         |         |    0.756|    0.979|
a<4>           |         |         |    0.426|    0.979|
a<5>           |         |         |   -0.226|    0.979|
a<6>           |         |         |    0.083|    0.979|
a<7>           |         |         |   -0.042|    0.979|
b<0>           |         |         |    0.336|    0.979|
b<1>           |         |         |    0.371|    0.979|
b<2>           |         |         |    0.742|    0.979|
b<3>           |         |         |    0.460|    0.979|
b<4>           |         |         |    0.981|    0.981|
b<5>           |         |         |    0.206|    0.979|
b<6>           |         |         |    1.224|    1.224|
b<7>           |         |         |    1.061|    1.061|
---------------+---------+---------+---------+---------+

Clock to Setup on destination clock a<2>
---------------+---------+---------+---------+---------+
               | Src:Rise| Src:Fall| Src:Rise| Src:Fall|
Source Clock   |Dest:Rise|Dest:Rise|Dest:Fall|Dest:Fall|
---------------+---------+---------+---------+---------+
a<0>           |         |         |    1.832|    1.832|
a<1>           |         |         |    1.648|    1.648|
a<2>           |         |         |    1.791|    1.791|
a<3>           |         |         |    0.847|    0.979|
a<4>           |         |         |    0.479|    0.979|
a<5>           |         |         |   -0.173|    0.979|
a<6>           |         |         |    0.136|    0.979|
a<7>           |         |         |    0.011|    0.979|
b<0>           |         |         |    0.427|    0.979|
b<1>           |         |         |    0.437|    0.979|
b<2>           |         |         |    0.833|    0.979|
b<3>           |         |         |    0.551|    0.979|
b<4>           |         |         |    1.072|    1.072|
b<5>           |         |         |    0.259|    0.979|
b<6>           |         |         |    1.315|    1.315|
b<7>           |         |         |    1.152|    1.152|
---------------+---------+---------+---------+---------+

Clock to Setup on destination clock a<3>
---------------+---------+---------+---------+---------+
               | Src:Rise| Src:Fall| Src:Rise| Src:Fall|
Source Clock   |Dest:Rise|Dest:Rise|Dest:Fall|Dest:Fall|
---------------+---------+---------+---------+---------+
a<0>           |         |         |    2.573|    2.573|
a<1>           |         |         |    2.389|    2.389|
a<2>           |         |         |    2.532|    2.532|
a<3>           |         |         |    1.588|    1.588|
a<4>           |         |         |    1.104|    1.104|
a<5>           |         |         |    0.456|    0.979|
a<6>           |         |         |    0.867|    0.979|
a<7>           |         |         |    0.749|    0.979|
b<0>           |         |         |    1.168|    1.168|
b<1>           |         |         |    1.178|    1.178|
b<2>           |         |         |    1.574|    1.574|
b<3>           |         |         |    1.292|    1.292|
b<4>           |         |         |    1.813|    1.813|
b<5>           |         |         |    0.880|    0.979|
b<6>           |         |         |    2.056|    2.056|
b<7>           |         |         |    1.893|    1.893|
---------------+---------+---------+---------+---------+

Clock to Setup on destination clock a<4>
---------------+---------+---------+---------+---------+
               | Src:Rise| Src:Fall| Src:Rise| Src:Fall|
Source Clock   |Dest:Rise|Dest:Rise|Dest:Fall|Dest:Fall|
---------------+---------+---------+---------+---------+
a<0>           |         |         |    3.295|    3.295|
a<1>           |         |         |    3.111|    3.111|
a<2>           |         |         |    3.254|    3.254|
a<3>           |         |         |    2.310|    2.310|
a<4>           |         |         |    1.826|    1.826|
a<5>           |         |         |    1.178|    1.178|
a<6>           |         |         |    1.589|    1.589|
a<7>           |         |         |    1.471|    1.471|
b<0>           |         |         |    1.890|    1.890|
b<1>           |         |         |    1.900|    1.900|
b<2>           |         |         |    2.296|    2.296|
b<3>           |         |         |    2.014|    2.014|
b<4>           |         |         |    2.535|    2.535|
b<5>           |         |         |    1.602|    1.602|
b<6>           |         |         |    2.778|    2.778|
b<7>           |         |         |    2.615|    2.615|
---------------+---------+---------+---------+---------+

Clock to Setup on destination clock a<5>
---------------+---------+---------+---------+---------+
               | Src:Rise| Src:Fall| Src:Rise| Src:Fall|
Source Clock   |Dest:Rise|Dest:Rise|Dest:Fall|Dest:Fall|
---------------+---------+---------+---------+---------+
a<0>           |         |         |    3.348|    3.348|
a<1>           |         |         |    3.164|    3.164|
a<2>           |         |         |    3.307|    3.307|
a<3>           |         |         |    2.363|    2.363|
a<4>           |         |         |    1.879|    1.879|
a<5>           |         |         |    1.231|    1.231|
a<6>           |         |         |    1.642|    1.642|
a<7>           |         |         |    1.524|    1.524|
b<0>           |         |         |    1.943|    1.943|
b<1>           |         |         |    1.953|    1.953|
b<2>           |         |         |    2.349|    2.349|
b<3>           |         |         |    2.067|    2.067|
b<4>           |         |         |    2.588|    2.588|
b<5>           |         |         |    1.655|    1.655|
b<6>           |         |         |    2.831|    2.831|
b<7>           |         |         |    2.668|    2.668|
---------------+---------+---------+---------+---------+

Clock to Setup on destination clock a<6>
---------------+---------+---------+---------+---------+
               | Src:Rise| Src:Fall| Src:Rise| Src:Fall|
Source Clock   |Dest:Rise|Dest:Rise|Dest:Fall|Dest:Fall|
---------------+---------+---------+---------+---------+
a<0>           |         |         |    3.613|    3.613|
a<1>           |         |         |    3.429|    3.429|
a<2>           |         |         |    3.572|    3.572|
a<3>           |         |         |    2.628|    2.628|
a<4>           |         |         |    2.144|    2.144|
a<5>           |         |         |    1.496|    1.496|
a<6>           |         |         |    1.907|    1.907|
a<7>           |         |         |    1.789|    1.789|
b<0>           |         |         |    2.208|    2.208|
b<1>           |         |         |    2.218|    2.218|
b<2>           |         |         |    2.614|    2.614|
b<3>           |         |         |    2.332|    2.332|
b<4>           |         |         |    2.853|    2.853|
b<5>           |         |         |    1.920|    1.920|
b<6>           |         |         |    3.096|    3.096|
b<7>           |         |         |    2.933|    2.933|
---------------+---------+---------+---------+---------+

Clock to Setup on destination clock a<7>
---------------+---------+---------+---------+---------+
               | Src:Rise| Src:Fall| Src:Rise| Src:Fall|
Source Clock   |Dest:Rise|Dest:Rise|Dest:Fall|Dest:Fall|
---------------+---------+---------+---------+---------+
a<0>           |         |         |    3.450|    3.450|
a<1>           |         |         |    3.266|    3.266|
a<2>           |         |         |    3.409|    3.409|
a<3>           |         |         |    2.465|    2.465|
a<4>           |         |         |    1.981|    1.981|
a<5>           |         |         |    1.333|    1.333|
a<6>           |         |         |    1.744|    1.744|
a<7>           |         |         |    1.626|    1.626|
b<0>           |         |         |    2.045|    2.045|
b<1>           |         |         |    2.055|    2.055|
b<2>           |         |         |    2.451|    2.451|
b<3>           |         |         |    2.169|    2.169|
b<4>           |         |         |    2.690|    2.690|
b<5>           |         |         |    1.757|    1.757|
b<6>           |         |         |    2.933|    2.933|
b<7>           |         |         |    2.770|    2.770|
---------------+---------+---------+---------+---------+

Clock to Setup on destination clock b<0>
---------------+---------+---------+---------+---------+
               | Src:Rise| Src:Fall| Src:Rise| Src:Fall|
Source Clock   |Dest:Rise|Dest:Rise|Dest:Fall|Dest:Fall|
---------------+---------+---------+---------+---------+
a<0>           |         |         |    2.654|    2.654|
a<1>           |         |         |    2.470|    2.470|
a<2>           |         |         |    2.613|    2.613|
a<3>           |         |         |    1.669|    1.669|
a<4>           |         |         |    1.185|    1.185|
a<5>           |         |         |    0.537|    0.979|
a<6>           |         |         |    0.948|    0.979|
a<7>           |         |         |    0.830|    0.979|
b<0>           |         |         |    1.249|    1.249|
b<1>           |         |         |    1.259|    1.259|
b<2>           |         |         |    1.655|    1.655|
b<3>           |         |         |    1.373|    1.373|
b<4>           |         |         |    1.894|    1.894|
b<5>           |         |         |    0.961|    0.979|
b<6>           |         |         |    2.137|    2.137|
b<7>           |         |         |    1.974|    1.974|
---------------+---------+---------+---------+---------+

Clock to Setup on destination clock b<1>
---------------+---------+---------+---------+---------+
               | Src:Rise| Src:Fall| Src:Rise| Src:Fall|
Source Clock   |Dest:Rise|Dest:Rise|Dest:Fall|Dest:Fall|
---------------+---------+---------+---------+---------+
a<0>           |         |         |    2.820|    2.820|
a<1>           |         |         |    2.636|    2.636|
a<2>           |         |         |    2.779|    2.779|
a<3>           |         |         |    1.835|    1.835|
a<4>           |         |         |    1.351|    1.351|
a<5>           |         |         |    0.703|    0.979|
a<6>           |         |         |    1.114|    1.114|
a<7>           |         |         |    0.996|    0.996|
b<0>           |         |         |    1.415|    1.415|
b<1>           |         |         |    1.425|    1.425|
b<2>           |         |         |    1.821|    1.821|
b<3>           |         |         |    1.539|    1.539|
b<4>           |         |         |    2.060|    2.060|
b<5>           |         |         |    1.127|    1.127|
b<6>           |         |         |    2.303|    2.303|
b<7>           |         |         |    2.140|    2.140|
---------------+---------+---------+---------+---------+

Clock to Setup on destination clock b<2>
---------------+---------+---------+---------+---------+
               | Src:Rise| Src:Fall| Src:Rise| Src:Fall|
Source Clock   |Dest:Rise|Dest:Rise|Dest:Fall|Dest:Fall|
---------------+---------+---------+---------+---------+
a<0>           |         |         |    2.649|    2.649|
a<1>           |         |         |    2.465|    2.465|
a<2>           |         |         |    2.608|    2.608|
a<3>           |         |         |    1.664|    1.664|
a<4>           |         |         |    1.180|    1.180|
a<5>           |         |         |    0.532|    0.979|
a<6>           |         |         |    0.943|    0.979|
a<7>           |         |         |    0.825|    0.979|
b<0>           |         |         |    1.244|    1.244|
b<1>           |         |         |    1.254|    1.254|
b<2>           |         |         |    1.650|    1.650|
b<3>           |         |         |    1.368|    1.368|
b<4>           |         |         |    1.889|    1.889|
b<5>           |         |         |    0.956|    0.979|
b<6>           |         |         |    2.132|    2.132|
b<7>           |         |         |    1.969|    1.969|
---------------+---------+---------+---------+---------+

Clock to Setup on destination clock b<3>
---------------+---------+---------+---------+---------+
               | Src:Rise| Src:Fall| Src:Rise| Src:Fall|
Source Clock   |Dest:Rise|Dest:Rise|Dest:Fall|Dest:Fall|
---------------+---------+---------+---------+---------+
a<0>           |         |         |    3.382|    3.382|
a<1>           |         |         |    3.198|    3.198|
a<2>           |         |         |    3.341|    3.341|
a<3>           |         |         |    2.397|    2.397|
a<4>           |         |         |    1.913|    1.913|
a<5>           |         |         |    1.265|    1.265|
a<6>           |         |         |    1.676|    1.676|
a<7>           |         |         |    1.558|    1.558|
b<0>           |         |         |    1.977|    1.977|
b<1>           |         |         |    1.987|    1.987|
b<2>           |         |         |    2.383|    2.383|
b<3>           |         |         |    2.101|    2.101|
b<4>           |         |         |    2.622|    2.622|
b<5>           |         |         |    1.689|    1.689|
b<6>           |         |         |    2.865|    2.865|
b<7>           |         |         |    2.702|    2.702|
---------------+---------+---------+---------+---------+

Clock to Setup on destination clock b<4>
---------------+---------+---------+---------+---------+
               | Src:Rise| Src:Fall| Src:Rise| Src:Fall|
Source Clock   |Dest:Rise|Dest:Rise|Dest:Fall|Dest:Fall|
---------------+---------+---------+---------+---------+
a<0>           |         |         |    3.754|    3.754|
a<1>           |         |         |    3.570|    3.570|
a<2>           |         |         |    3.713|    3.713|
a<3>           |         |         |    2.769|    2.769|
a<4>           |         |         |    2.285|    2.285|
a<5>           |         |         |    1.637|    1.637|
a<6>           |         |         |    2.048|    2.048|
a<7>           |         |         |    1.930|    1.930|
b<0>           |         |         |    2.349|    2.349|
b<1>           |         |         |    2.359|    2.359|
b<2>           |         |         |    2.755|    2.755|
b<3>           |         |         |    2.473|    2.473|
b<4>           |         |         |    2.994|    2.994|
b<5>           |         |         |    2.061|    2.061|
b<6>           |         |         |    3.237|    3.237|
b<7>           |         |         |    3.074|    3.074|
---------------+---------+---------+---------+---------+

Clock to Setup on destination clock b<5>
---------------+---------+---------+---------+---------+
               | Src:Rise| Src:Fall| Src:Rise| Src:Fall|
Source Clock   |Dest:Rise|Dest:Rise|Dest:Fall|Dest:Fall|
---------------+---------+---------+---------+---------+
a<0>           |         |         |    3.644|    3.644|
a<1>           |         |         |    3.460|    3.460|
a<2>           |         |         |    3.603|    3.603|
a<3>           |         |         |    2.659|    2.659|
a<4>           |         |         |    2.175|    2.175|
a<5>           |         |         |    1.527|    1.527|
a<6>           |         |         |    1.938|    1.938|
a<7>           |         |         |    1.820|    1.820|
b<0>           |         |         |    2.239|    2.239|
b<1>           |         |         |    2.249|    2.249|
b<2>           |         |         |    2.645|    2.645|
b<3>           |         |         |    2.363|    2.363|
b<4>           |         |         |    2.884|    2.884|
b<5>           |         |         |    1.951|    1.951|
b<6>           |         |         |    3.127|    3.127|
b<7>           |         |         |    2.964|    2.964|
---------------+---------+---------+---------+---------+

Clock to Setup on destination clock b<6>
---------------+---------+---------+---------+---------+
               | Src:Rise| Src:Fall| Src:Rise| Src:Fall|
Source Clock   |Dest:Rise|Dest:Rise|Dest:Fall|Dest:Fall|
---------------+---------+---------+---------+---------+
a<0>           |         |         |    3.942|    3.942|
a<1>           |         |         |    3.758|    3.758|
a<2>           |         |         |    3.901|    3.901|
a<3>           |         |         |    2.957|    2.957|
a<4>           |         |         |    2.473|    2.473|
a<5>           |         |         |    1.825|    1.825|
a<6>           |         |         |    2.236|    2.236|
a<7>           |         |         |    2.118|    2.118|
b<0>           |         |         |    2.537|    2.537|
b<1>           |         |         |    2.547|    2.547|
b<2>           |         |         |    2.943|    2.943|
b<3>           |         |         |    2.661|    2.661|
b<4>           |         |         |    3.182|    3.182|
b<5>           |         |         |    2.249|    2.249|
b<6>           |         |         |    3.425|    3.425|
b<7>           |         |         |    3.262|    3.262|
---------------+---------+---------+---------+---------+

Clock to Setup on destination clock b<7>
---------------+---------+---------+---------+---------+
               | Src:Rise| Src:Fall| Src:Rise| Src:Fall|
Source Clock   |Dest:Rise|Dest:Rise|Dest:Fall|Dest:Fall|
---------------+---------+---------+---------+---------+
a<0>           |         |         |    3.628|    3.628|
a<1>           |         |         |    3.444|    3.444|
a<2>           |         |         |    3.587|    3.587|
a<3>           |         |         |    2.643|    2.643|
a<4>           |         |         |    2.159|    2.159|
a<5>           |         |         |    1.511|    1.511|
a<6>           |         |         |    1.922|    1.922|
a<7>           |         |         |    1.804|    1.804|
b<0>           |         |         |    2.223|    2.223|
b<1>           |         |         |    2.233|    2.233|
b<2>           |         |         |    2.629|    2.629|
b<3>           |         |         |    2.347|    2.347|
b<4>           |         |         |    2.868|    2.868|
b<5>           |         |         |    1.935|    1.935|
b<6>           |         |         |    3.111|    3.111|
b<7>           |         |         |    2.948|    2.948|
---------------+---------+---------+---------+---------+

Pad to Pad
---------------+---------------+---------+
Source Pad     |Destination Pad|  Delay  |
---------------+---------------+---------+
PB5            |K10            |    8.968|
PB5            |K11            |    9.682|
PB5            |K12            |    9.461|
PB5            |K13            |    9.455|
PB5            |K14            |   10.058|
PB5            |K15            |    9.903|
PB5            |K16            |    9.857|
PB5            |K17            |    9.725|
PB13           |K10            |    8.990|
PB13           |K11            |    9.704|
PB13           |K12            |    9.483|
PB13           |K13            |    9.477|
PB13           |K14            |   10.080|
PB13           |K15            |    9.925|
PB13           |K16            |    9.879|
PB13           |K17            |    9.747|
PB23           |K10            |    9.665|
PB23           |K11            |   10.379|
PB23           |K12            |   10.158|
PB23           |K13            |   10.152|
PB23           |K14            |   10.755|
PB23           |K15            |   10.600|
PB23           |K16            |   10.554|
PB23           |K17            |   10.422|
PB25           |K10            |    9.246|
PB25           |K11            |    9.960|
PB25           |K12            |    9.739|
PB25           |K13            |    9.733|
PB25           |K14            |   10.336|
PB25           |K15            |   10.181|
PB25           |K16            |   10.135|
PB25           |K17            |   10.003|
---------------+---------------+---------+


Analysis completed Thu Dec 15 00:58:42 2022 
--------------------------------------------------------------------------------

Trace Settings:
-------------------------
Trace Settings 

Peak Memory Usage: 4572 MB



